\BOOKMARK [1][-]{section.1}{\376\377\000L\000i\000t\000e\000r\000a\000t\000u\000r\000e\000\040\000r\000e\000v\000i\000e\000w}{}% 1
\BOOKMARK [1][-]{section.2}{\376\377\000M\000a\000i\000n\000\040\000S\000p\000a\000t\000i\000a\000l\000\040\000F\000i\000l\000e\000\040\000O\000u\000t\000p\000u\000t\000s}{}% 2
\BOOKMARK [1][-]{section.3}{\376\377\000A\000i\000r\000p\000o\000r\000t\000s}{}% 3
\BOOKMARK [2][-]{subsection.3.1}{\376\377\000D\000a\000t\000a\000\040\000s\000o\000u\000r\000c\000e\000s\000\040\000u\000s\000e\000d}{section.3}% 4
\BOOKMARK [2][-]{subsection.3.2}{\376\377\000A\000n\000a\000l\000y\000s\000i\000s\000\040\000d\000o\000n\000e}{section.3}% 5
\BOOKMARK [3][-]{subsubsection.3.2.1}{\376\377\000S\000h\000a\000p\000e\000f\000i\000l\000e\000\040\000m\000a\000t\000c\000h\000i\000n\000g\000\040\000\050\000O\000S\000M\000\137\000e\000x\000t\000r\000a\000c\000t\000\137\000c\000o\000u\000n\000t\000r\000y\000\137\000l\000o\000o\000p\000\040\000a\000n\000d\000\040\000a\000i\000r\000p\000o\000r\000t\000\137\000s\000h\000a\000p\000e\000f\000i\000l\000e\000\137\000n\000e\000a\000r\000e\000s\000t\000.\000p\000y\000\051\000:}{subsection.3.2}% 6
\BOOKMARK [3][-]{subsubsection.3.2.2}{\376\377\000S\000t\000i\000l\000l\000\040\000t\000o\000\040\000d\000o\000:}{subsection.3.2}% 7
\BOOKMARK [1][-]{section.4}{\376\377\000M\000a\000r\000i\000t\000i\000m\000e}{}% 8
\BOOKMARK [2][-]{subsection.4.1}{\376\377\000D\000a\000t\000a\000\040\000s\000o\000u\000r\000c\000e\000s\000\040\000u\000s\000e\000d\000/\000o\000u\000t\000p\000u\000t\000t\000e\000d}{section.4}% 9
\BOOKMARK [2][-]{subsection.4.2}{\376\377\000A\000n\000a\000l\000y\000s\000i\000s\000\040\000d\000o\000n\000e}{section.4}% 10
\BOOKMARK [3][-]{subsubsection.4.2.1}{\376\377\000M\000a\000r\000i\000t\000i\000m\000e\000\040\000n\000e\000t\000w\000o\000r\000k\000\040\000\050\000c\000o\000m\000p\000l\000e\000t\000e\000d\000\040\000i\000n\000\040\000p\000o\000r\000t\000s\000.\000p\000y\000\051\000:}{subsection.4.2}% 11
\BOOKMARK [3][-]{subsubsection.4.2.2}{\376\377\000S\000h\000a\000p\000e\000f\000i\000l\000e\000\040\000c\000o\000r\000r\000e\000c\000t\000i\000o\000n\000\040\000\050\000a\000l\000l\000\040\000d\000o\000n\000e\000\040\000u\000s\000i\000n\000g\000\040\000p\000o\000r\000t\000\137\000s\000h\000a\000p\000e\000f\000i\000l\000e\000\137\000n\000e\000a\000r\000e\000s\000t\000.\000p\000y\000\040\000a\000n\000d\000\040\000m\000a\000n\000u\000a\000l\000l\000y\000\051\000:}{subsection.4.2}% 12
\BOOKMARK [3][-]{subsubsection.4.2.3}{\376\377\000S\000t\000i\000l\000l\000\040\000t\000o\000\040\000d\000o\000:}{subsection.4.2}% 13
\BOOKMARK [1][-]{section.5}{\376\377\000R\000o\000a\000d}{}% 14
\BOOKMARK [1][-]{section.6}{\376\377\000R\000a\000i\000l}{}% 15
\BOOKMARK [1][-]{section.7}{\376\377\000I\000n\000l\000a\000n\000d\000\040\000w\000a\000t\000e\000r\000w\000a\000y\000s}{}% 16
\BOOKMARK [1][-]{section.8}{\376\377\000M\000u\000l\000t\000i\000m\000o\000d\000a\000l}{}% 17
\BOOKMARK [1][-]{section.9}{\376\377\000A\000R\000C}{}% 18
\BOOKMARK [1][-]{section.10}{\376\377\000U\000s\000i\000n\000g\000\040\000o\000p\000e\000n\000-\000g\000i\000r\000a\000\040\000o\000n\000\040\000A\000R\000C}{}% 19
\BOOKMARK [1][-]{section.11}{\376\377\000A\000s\000i\000a\000-\000t\000r\000a\000n\000s\000p\000o\000r\000t\000-\000d\000a\000t\000a\000b\000a\000s\000e\000\040\000o\000n\000\040\000A\000R\000C}{}% 20
\BOOKMARK [1][-]{section.12}{\376\377\000M\000i\000s\000t\000r\000a\000l}{}% 21
\BOOKMARK [1][-]{section.13}{\376\377\000A\000l\000r\000e\000a\000d\000y\000\040\000e\000x\000i\000s\000t\000i\000n\000g\000\040\000c\000o\000u\000n\000t\000r\000y\000\040\000m\000u\000l\000t\000i\000m\000o\000d\000a\000l\000\040\000t\000r\000a\000n\000s\000p\000o\000r\000t\000\040\000p\000a\000c\000k\000a\000g\000e\000s}{}% 22
\BOOKMARK [1][-]{section.14}{\376\377\000F\000i\000l\000e\000s\000\040\000O\000v\000e\000r\000v\000i\000e\000w\000\040\000\050\000i\000n\000c\000l\000.\000\040\000D\000i\000r\000e\000c\000t\000o\000r\000i\000e\000s\000,\000\040\000d\000e\000s\000c\000r\000i\000p\000t\000i\000o\000n\000s\000,\000\040\000r\000e\000f\000e\000r\000e\000n\000c\000e\000s\000,\000\040\000a\000n\000d\000\040\000p\000r\000o\000c\000e\000s\000s\000i\000n\000g\000\040\000s\000c\000r\000i\000p\000t\000s\000\051}{}% 23
